// Vitest Snapshot v1, https://vitest.dev/guide/snapshot.html

exports[`for statement generates correct code 1`] = `"classmain{}for(main.x=0;main.x<=9;main.x++){_print("Helloworld")};let_sbClasses=[{name:"main",symbol:main}];_SoftBasicGfx.createInstance(_sbClasses);const_sb_globalOnEnter=async()=>{await_SoftAssetManager.preloadFromLocalStorage(_sbProjectId);_SoftBasicGfx.getInstance().getApp().ticker.add((delta)=>_SoftBasicGfx.getInstance()._update(delta));_sbClasses.forEach((c)=>{if(c.symbol.onenter){c.symbol.onenter();}});};"`;

exports[`if statement generates correct code 1`] = `"classmain{}if(1==2){_print("Mathisbroken")};let_sbClasses=[{name:"main",symbol:main}];_SoftBasicGfx.createInstance(_sbClasses);const_sb_globalOnEnter=async()=>{await_SoftAssetManager.preloadFromLocalStorage(_sbProjectId);_SoftBasicGfx.getInstance().getApp().ticker.add((delta)=>_SoftBasicGfx.getInstance()._update(delta));_sbClasses.forEach((c)=>{if(c.symbol.onenter){c.symbol.onenter();}});};"`;

exports[`while statement generates correct code 1`] = `"classmain{}while(1==2){_print("Helloworld")};let_sbClasses=[{name:"main",symbol:main}];_SoftBasicGfx.createInstance(_sbClasses);const_sb_globalOnEnter=async()=>{await_SoftAssetManager.preloadFromLocalStorage(_sbProjectId);_SoftBasicGfx.getInstance().getApp().ticker.add((delta)=>_SoftBasicGfx.getInstance()._update(delta));_sbClasses.forEach((c)=>{if(c.symbol.onenter){c.symbol.onenter();}});};"`;
