// Vitest Snapshot v1, https://vitest.dev/guide/snapshot.html

exports[`method call in onentry works 1`] = `"classmain{}main.sayhello=()=>{_print("Hello,World!");};;;main.onenter=()=>{main.sayhello();;};;let_sbClasses=[{name:"main",symbol:main}];_sb._sbClasses=_sbClasses;const_sb_globalOnEnter=async()=>{await_sb.preloadFromLocalStorage(_sbProjectId);_sbClasses.forEach((c)=>{if(c.symbol.onenter){c.symbol.onenter();}});};"`;

exports[`method onentry is added to class 1`] = `"classmain{}main.onenter=()=>{_print("Hello,World!");};;let_sbClasses=[{name:"main",symbol:main}];_sb._sbClasses=_sbClasses;const_sb_globalOnEnter=async()=>{await_sb.preloadFromLocalStorage(_sbProjectId);_sbClasses.forEach((c)=>{if(c.symbol.onenter){c.symbol.onenter();}});};"`;

exports[`module call in onentry works 1`] = `"classtalk{}talk.sayhello=()=>{_print("Hello,World!");};classmain{}main.onenter=()=>{talk.sayhello();;};;let_sbClasses=[{name:"talk",symbol:talk},{name:"main",symbol:main}];_sb._sbClasses=_sbClasses;const_sb_globalOnEnter=async()=>{await_sb.preloadFromLocalStorage(_sbProjectId);_sbClasses.forEach((c)=>{if(c.symbol.onenter){c.symbol.onenter();}});};"`;

exports[`prints hello world 1`] = `"classmain{}_print("Hello,World!");let_sbClasses=[{name:"main",symbol:main}];_sb._sbClasses=_sbClasses;const_sb_globalOnEnter=async()=>{await_sb.preloadFromLocalStorage(_sbProjectId);_sbClasses.forEach((c)=>{if(c.symbol.onenter){c.symbol.onenter();}});};"`;
